[dotenv@17.2.3] injecting env (1) from .env -- tip: ≡ƒ¢á∩╕Å  run anywhere with `dotenvx run -- yourcommand`
Token: Exists (hf_ju...)
Sending request to: https://api-inference.huggingface.co/models/microsoft/Phi-3-mini-4k-instruct
node : (node:18676) [
MODULE_TYPELESS_PACKA
GE_JSON] Warning: 
Module type of file:/
//C:/Users/imman/OneD
rive/Desktop/Imman-GP
T/backend/test_hf.js 
is not specified and 
it doesn't parse as 
CommonJS.
At line:1 char:1
+ node test_hf.js > 
test_output.txt 2>&1
+ ~~~~~~~~~~~~~~~~~~~
~~~~~~~~~~~~~~~~~~~
    + CategoryInfo   
           : NotSpe  
  cified: ((node:1   
 8676) [M...se as    
 CommonJS.:Strin    
g) [], RemoteExc    
eption
    + FullyQualified 
   ErrorId : Native  
  CommandError
 
Reparsing as ES 
module because 
module syntax was 
detected. This 
incurs a performance 
overhead.
To eliminate this 
warning, add "type": 
"module" to C:\Users\
imman\OneDrive\Deskto
p\Imman-GPT\backend\p
ackage.json.
(Use `node 
--trace-warnings 
...` to show where 
the warning was 
created)
Error status: 410
Error data: {
  "error": "https://a
pi-inference.huggingf
ace.co is no longer 
supported. Please 
use https://router.hu
ggingface.co 
instead."
}
Error message: 
Request failed with 
status code 410
